Microchip MPLAB XC8 Compiler V2.40

Linker command line:

-W-3 \
  --edf=C:\Program Files\Microchip\xc8\v2.40\pic\dat\20220703182018_en.msgs \
  -cn -h+dist/default/production\ac.X.production.sym \
  --cmf=dist/default/production\ac.X.production.cmf -z -Q16F887 \
  -oC:\Users\SHARVE~1\AppData\Local\Temp\xcAsfhk.4 --defsym=__MPLAB_BUILD=1 \
  --fixupoverflow=error -Mdist/default/production/ac.X.production.map \
  --md=C:\Users\SHARVE~1\AppData\Local\Temp\xcAsfhk.dat -E1 \
  -ver=XC8 Compiler --acfsm=1493 -ACODE=00h-07FFhx4 -ASTRCODE=00h-01FFFh \
  -ASTRING=00h-0FFhx32 -ACONST=00h-0FFhx32 -AENTRY=00h-0FFhx32 \
  -ACOMMON=070h-07Fh -ABANK0=020h-06Fh -ABANK1=0A0h-0EFh \
  -ABANK2=0110h-016Fh -ABANK3=0190h-01EFh \
  -ARAM=020h-06Fh,0A0h-0EFh,0110h-016Fh,0190h-01EFh \
  -AABS1=020h-07Fh,0A0h-0EFh,0110h-016Fh,0190h-01EFh -ASFR0=00h-01Fh \
  -ASFR1=080h-09Fh -ASFR2=0100h-010Fh -ASFR3=0180h-018Fh \
  -ACONFIG=02007h-02008h -DCONFIG=2 -AIDLOC=02000h-02003h -DIDLOC=2 \
  -AEEDATA=00h-0FFh/02100h -peeprom_data=EEDATA -DEEDATA=2 -DCODE=2 \
  -DSTRCODE=2 -DSTRING=2 -DCONST=2 -DENTRY=2 \
  -preset_vec=00h,intentry,init,end_init -ppowerup=CODE -pcinit=CODE \
  -pfunctab=ENTRY -k C:\Users\SHARVE~1\AppData\Local\Temp\xcAsfhk.o \
  dist/default/production\ac.X.production.o 

Object code version is 3.11

Machine type is 16F887



                Name                               Link     Load   Length Selector   Space Scale
C:\Users\SHARVE~1\AppData\Local\Temp\xcAsfhk.o
                end_init                              0        0        3        0       0
                config                             2007     2007        2        0       4
                idloc                              2000     2000        4        0       5
dist/default/production\ac.X.production.o
                cinit                               7DA      7DA       26      FB4       0
                config                             2007     2007        2        0       4
                idloc                              2000     2000        4        0       5
                text15                              E94      E94       67     1D28       0
                text14                              E39      E39       5B     1C72       0
                text13                              2C2      2C2      1D3      584       0
                text12                              D79      D79       27     1AF2       0
                text11                              495      495      345      92A       0
                text10                              EFB      EFB       78     1DF6       0
                text9                                29       29       B8       52       0
                text8                                E1       E1       BE      1C2       0
                text7                                 4        4       25        8       0
                text6                               D3F      D3F        F     1A7E       0
                text5                               D60      D60       19     1AC0       0
                text4                               D4E      D4E       12     1A9C       0
                text3                               DE6      DE6       53     1BCC       0
                text2                               19F      19F      123      33E       0
                text1                               DA0      DA0       46     1B40       0
                maintext                            F73      F73       8D     1EE6       0
                cstackBANK0                          20       20       44       20       1
                cstackCOMMON                         70       70        E       70       1
                bssBANK1                             A0       A0        A       A0       1
                dataBANK0                            6C       6C        2       20       1
                bssBANK0                             64       64        8       20       1
                strings                             800      800       2C     1000       0
                idataBANK0                          D3D      D3D        2     1A7A       0

TOTAL           Name                               Link     Load   Length     Space
        CLASS   CODE           
                end_init                              0        0        3         0
                cinit                               7DA      7DA       26         0
                text15                              E94      E94       67         0
                text14                              E39      E39       5B         0
                text13                              2C2      2C2      1D3         0
                text12                              D79      D79       27         0
                text11                              495      495      345         0
                text10                              EFB      EFB       78         0
                text9                                29       29       B8         0
                text8                                E1       E1       BE         0
                text7                                 4        4       25         0
                text6                               D3F      D3F        F         0
                text5                               D60      D60       19         0
                text4                               D4E      D4E       12         0
                text3                               DE6      DE6       53         0
                text2                               19F      19F      123         0
                text1                               DA0      DA0       46         0
                maintext                            F73      F73       8D         0
                idataBANK0                          D3D      D3D        2         0

        CLASS   STRCODE        

        CLASS   STRING         
                strings                             800      800       2C         0

        CLASS   CONST          

        CLASS   ENTRY          

        CLASS   COMMON         
                cstackCOMMON                         70       70        E         1

        CLASS   BANK0          
                cstackBANK0                          20       20       44         1
                dataBANK0                            6C       6C        2         1
                bssBANK0                             64       64        8         1

        CLASS   BANK1          
                bssBANK1                             A0       A0        A         1

        CLASS   BANK2          

        CLASS   BANK3          

        CLASS   RAM            

        CLASS   ABS1           
                abs_s1                               7E       7E        2         1

        CLASS   SFR0           

        CLASS   SFR1           

        CLASS   SFR2           

        CLASS   SFR3           

        CLASS   CONFIG         
                config                             2007     2007        2         4

        CLASS   IDLOC          
                idloc                              2000     2000        4         5

        CLASS   EEDATA         

        CLASS   STACK          



SEGMENTS        Name                           Load    Length   Top    Selector   Space  Class     Delta

                reset_vec                      000000  000003  000003         0       0  CODE        2
                text7                          000004  000025  000029         8       0  CODE        2
                cstackBANK0                    000020  00004E  00006E        20       1  BANK0       1
                text9                          000029  0000B8  0000E1        52       0  CODE        2
                cstackCOMMON                   000070  00000E  00007E        70       1  COMMON      1
                bssBANK1                       0000A0  00000A  0000AA        A0       1  BANK1       1
                text8                          0000E1  0000BE  00019F       1C2       0  CODE        2
                text2                          00019F  000123  0002C2       33E       0  CODE        2
                text13                         0002C2  0001D3  000495       584       0  CODE        2
                text11                         000495  000345  0007DA       92A       0  CODE        2
                cinit                          0007DA  000026  000800       FB4       0  CODE        2
                strings                        000800  00002C  00082C      1000       0  STRING      2
                idataBANK0                     000D3D  000002  000D3F      1A7A       0  CODE        2
                text6                          000D3F  00000F  000D4E      1A7E       0  CODE        2
                text4                          000D4E  000012  000D60      1A9C       0  CODE        2
                text5                          000D60  000019  000D79      1AC0       0  CODE        2
                text12                         000D79  000027  000DA0      1AF2       0  CODE        2
                text1                          000DA0  000046  000DE6      1B40       0  CODE        2
                text3                          000DE6  000053  000E39      1BCC       0  CODE        2
                text14                         000E39  00005B  000E94      1C72       0  CODE        2
                text15                         000E94  000067  000EFB      1D28       0  CODE        2
                text10                         000EFB  000078  000F73      1DF6       0  CODE        2
                maintext                       000F73  00008D  001000      1EE6       0  CODE        2


UNUSED ADDRESS RANGES

        Name                Unused          Largest block    Delta
        BANK0            006E-006F              2           1
        BANK1            00AA-00EF             46           1
        BANK2            0110-016F             60           1
        BANK3            0190-01EF             60           1
        CODE             0003-0003              1           2
                         082C-0D3C            511
                         1000-1FFF            800
        CONST            0003-0003              1           2
                         082C-0D3C            100
                         1000-1FFF            100
        EEDATA           2100-21FF            100           2
        ENTRY            0003-0003              1           2
                         082C-0D3C            100
                         1000-1FFF            100
        RAM              006E-006F              2           1
                         00AA-00EF             46
                         0110-016F             60
                         0190-01EF             60
        SFR0             0000-001F             20           1
        SFR1             0080-009F             20           1
        SFR2             0100-010F             10           1
        SFR3             0180-018F             10           1
        STRCODE          0003-0003              1           2
                         082C-0D3C            511
                         1000-1FFF           1000
        STRING           0003-0003              1           2
                         082C-0D3C            100
                         1000-1FFF            100

                                  Symbol Table

?__Umul8_16              cstackCOMMON 0070
?___awdiv                cstackCOMMON 0070
?___awmod                cstackCOMMON 0079
?___fldiv                cstackBANK0  003A
?___flmul                cstackBANK0  0020
?___fltol                cstackBANK0  0054
?___wmul                 cstackCOMMON 0070
?___xxtofl               cstackCOMMON 0070
_ADCON0                  (abs)        001F
_ADCON1                  (abs)        009F
_ADRESH                  (abs)        001E
_ADRESL                  (abs)        009E
_ANSEL                   (abs)        0188
_ANSELH                  (abs)        0189
_GO                      (abs)        00F9
_PORTA                   (abs)        0005
_PORTB                   (abs)        0006
_PORTC                   (abs)        0007
_PORTD                   (abs)        0008
_PORTE                   (abs)        0009
_RB0                     (abs)        0030
_RCIF                    (abs)        0065
_RCREG                   (abs)        001A
_RCSTA                   (abs)        0018
_RE0                     (abs)        0048
_RE1                     (abs)        0049
_SPBRG                   (abs)        0099
_TRISA                   (abs)        0085
_TRISB                   (abs)        0086
_TRISC                   (abs)        0087
_TRISD                   (abs)        0088
_TRISE                   (abs)        0089
_TXSTA                   (abs)        0098
__Habs1                  abs1         0000
__Hbank0                 bank0        0000
__Hbank1                 bank1        0000
__Hbank2                 bank2        0000
__Hbank3                 bank3        0000
__HbssBANK0              bssBANK0     0000
__HbssBANK1              bssBANK1     0000
__Hcinit                 cinit        0800
__Hclrtext               clrtext      0000
__Hcode                  code         0000
__Hcommon                common       0000
__Hconfig                config       2009
__HcstackBANK0           cstackBANK0  0000
__HcstackCOMMON          cstackCOMMON 0000
__HdataBANK0             dataBANK0    0000
__Heeprom_data           eeprom_data  0000
__Hend_init              end_init     0003
__Hfunctab               functab      0000
__HidataBANK0            idataBANK0   0000
__Hidloc                 idloc        2004
__Hinit                  init         0000
__Hintentry              intentry     0000
__Hmaintext              maintext     0000
__Hpowerup               powerup      0000
__Hram                   ram          0000
__Hreset_vec             reset_vec    0000
__Hsfr0                  sfr0         0000
__Hsfr1                  sfr1         0000
__Hsfr2                  sfr2         0000
__Hsfr3                  sfr3         0000
__Hspace_0               (abs)        1000
__Hspace_1               (abs)        00AA
__Hspace_2               (abs)        0000
__Hspace_3               (abs)        0000
__Hspace_4               (abs)        4010
__Hstack                 stack        0000
__Hstrings               strings      0000
__Htext                  text         0000
__Labs1                  abs1         0000
__Lbank0                 bank0        0000
__Lbank1                 bank1        0000
__Lbank2                 bank2        0000
__Lbank3                 bank3        0000
__LbssBANK0              bssBANK0     0000
__LbssBANK1              bssBANK1     0000
__Lcinit                 cinit        07DA
__Lclrtext               clrtext      0000
__Lcode                  code         0000
__Lcommon                common       0000
__Lconfig                config       0000
__LcstackBANK0           cstackBANK0  0000
__LcstackCOMMON          cstackCOMMON 0000
__LdataBANK0             dataBANK0    0000
__Leeprom_data           eeprom_data  0000
__Lend_init              end_init     0000
__Lfunctab               functab      0000
__LidataBANK0            idataBANK0   0000
__Lidloc                 idloc        0000
__Linit                  init         0000
__Lintentry              intentry     0000
__Lmaintext              maintext     0000
__Lpowerup               powerup      0000
__Lram                   ram          0000
__Lreset_vec             reset_vec    0000
__Lsfr0                  sfr0         0000
__Lsfr1                  sfr1         0000
__Lsfr2                  sfr2         0000
__Lsfr3                  sfr3         0000
__Lspace_0               (abs)        0000
__Lspace_1               (abs)        0000
__Lspace_2               (abs)        0000
__Lspace_3               (abs)        0000
__Lspace_4               (abs)        0000
__Lstack                 stack        0000
__Lstrings               strings      0000
__Ltext                  text         0000
__S0                     (abs)        1000
__S1                     (abs)        00AA
__S3                     (abs)        0000
__Umul8_16               text12       0D79
__Umul8_16@multiplicand  cstackCOMMON 0070
__Umul8_16@multiplier    cstackCOMMON 0078
__Umul8_16@product       cstackCOMMON 0074
__Umul8_16@word_mpld     cstackCOMMON 0076
___awdiv                 text15       0E94
___awdiv@counter         cstackCOMMON 0075
___awdiv@dividend        cstackCOMMON 0072
___awdiv@divisor         cstackCOMMON 0070
___awdiv@quotient        cstackCOMMON 0077
___awdiv@sign            cstackCOMMON 0076
___awmod                 text14       0E39
___awmod@counter         cstackBANK0  0020
___awmod@dividend        cstackCOMMON 007B
___awmod@divisor         cstackCOMMON 0079
___awmod@sign            cstackBANK0  0021
___fldiv                 text13       02C2
___fldiv@a               cstackBANK0  003A
___fldiv@aexp            cstackBANK0  0053
___fldiv@b               cstackBANK0  003E
___fldiv@bexp            cstackBANK0  0052
___fldiv@grs             cstackBANK0  004E
___fldiv@new_exp         cstackBANK0  004C
___fldiv@rem             cstackBANK0  0047
___fldiv@sign            cstackBANK0  004B
___flmul                 text11       0495
___flmul@a               cstackBANK0  0024
___flmul@aexp            cstackBANK0  0032
___flmul@b               cstackBANK0  0020
___flmul@bexp            cstackBANK0  0033
___flmul@grs             cstackBANK0  002E
___flmul@prod            cstackBANK0  0034
___flmul@sign            cstackBANK0  002D
___flmul@temp            cstackBANK0  0038
___fltol                 text10       0EFB
___fltol@exp1            cstackBANK0  005D
___fltol@f1              cstackBANK0  0054
___fltol@sign1           cstackBANK0  005C
___int_sp                stack        0000
___latbits               (abs)        0002
___sp                    stack        0000
___stackhi               (abs)        0000
___stacklo               (abs)        0000
___wmul                  text7        0004
___wmul@multiplicand     cstackCOMMON 0072
___wmul@multiplier       cstackCOMMON 0070
___wmul@product          cstackCOMMON 0074
___xxtofl                text9        0029
___xxtofl@arg            cstackCOMMON 007A
___xxtofl@exp            cstackCOMMON 0079
___xxtofl@sign           cstackCOMMON 0078
___xxtofl@val            cstackCOMMON 0070
__end_of__Umul8_16       text12       0DA0
__end_of___awdiv         text15       0EFB
__end_of___awmod         text14       0E94
__end_of___fldiv         text13       0495
__end_of___flmul         text11       07DA
__end_of___fltol         text10       0F73
__end_of___wmul          text7        0029
__end_of___xxtofl        text9        00E1
__end_of__initialization cinit        07FC
__end_of__stringtab      strings      0810
__end_of_adc             text8        019F
__end_of_delay           text6        0D4E
__end_of_enable          text5        0D79
__end_of_lcd             text4        0D60
__end_of_main            maintext     1000
__end_of_print           text3        0E39
__end_of_receive         text1        0DE6
__end_of_temp_compare    text2        02C2
__initialization         cinit        07DA
__pbssBANK0              bssBANK0     0064
__pbssBANK1              bssBANK1     00A0
__pcstackBANK0           cstackBANK0  0020
__pcstackCOMMON          cstackCOMMON 0070
__pdataBANK0             dataBANK0    006C
__pidataBANK0            idataBANK0   0D3D
__pmaintext              maintext     0F73
__pstrings               strings      0800
__ptext1                 text1        0DA0
__ptext10                text10       0EFB
__ptext11                text11       0495
__ptext12                text12       0D79
__ptext13                text13       02C2
__ptext14                text14       0E39
__ptext15                text15       0E94
__ptext2                 text2        019F
__ptext3                 text3        0DE6
__ptext4                 text4        0D4E
__ptext5                 text5        0D60
__ptext6                 text6        0D3F
__ptext7                 text7        0004
__ptext8                 text8        00E1
__ptext9                 text9        0029
__stringbase             strings      080F
__stringtab              strings      0800
_adc                     text8        00E1
_count                   bssBANK0     006A
_delay                   text6        0D3F
_dv                      bssBANK0     0068
_dv_temp                 bssBANK0     0066
_enable                  text5        0D60
_i                       dataBANK0    006C
_int_set_temp            bssBANK0     0064
_lcd                     text4        0D4E
_main                    maintext     0F73
_print                   text3        0DE6
_receive                 text1        0DA0
_room_temp               bssBANK1     00A5
_set_temp                bssBANK1     00A0
_temp_compare            text2        019F
adc@p                    cstackBANK0  005E
adc@q                    cstackBANK0  0060
adc@r                    cstackBANK0  0062
btemp                    (abs)        007E
delay@t                  cstackCOMMON 0070
end_of_initialization    cinit        07FC
intlevel0                functab      0000
intlevel1                functab      0000
intlevel2                functab      0000
intlevel3                functab      0000
intlevel4                functab      0000
intlevel5                functab      0000
lcd@data                 cstackCOMMON 0074
lcd@rs                   cstackCOMMON 0072
print@addrs              cstackCOMMON 007A
print@j                  cstackCOMMON 007B
print@ptr                cstackCOMMON 0075
reset_vec                reset_vec    0000
start                    init         0000
start_initialization     cinit        07DA
wtemp0                   (abs)        007E


MODULE INFORMATION

Module		Function		Class		Link	Load	Size
C:\Program Files\Microchip\xc8\v2.40\pic\sources\c90\common\fltol.c
		___fltol       		CODE           	0EFB	0000	120

C:\Program Files\Microchip\xc8\v2.40\pic\sources\c90\common\fltol.c estimated size: 120

C:\Program Files\Microchip\xc8\v2.40\pic\sources\c90\common\awdiv.c
		___awdiv       		CODE           	0E94	0000	103

C:\Program Files\Microchip\xc8\v2.40\pic\sources\c90\common\awdiv.c estimated size: 103

C:\Program Files\Microchip\xc8\v2.40\pic\sources\c90\common\sprcmul.c
		___flmul       		CODE           	0495	0000	837

C:\Program Files\Microchip\xc8\v2.40\pic\sources\c90\common\sprcmul.c estimated size: 837

C:\Program Files\Microchip\xc8\v2.40\pic\sources\c90\common\sprcdiv.c
		___fldiv       		CODE           	02C2	0000	467

C:\Program Files\Microchip\xc8\v2.40\pic\sources\c90\common\sprcdiv.c estimated size: 467

C:\Program Files\Microchip\xc8\v2.40\pic\sources\c90\common\Umul8_16.c
		__Umul8_16     		CODE           	0D79	0000	39

C:\Program Files\Microchip\xc8\v2.40\pic\sources\c90\common\Umul8_16.c estimated size: 39

C:\Program Files\Microchip\xc8\v2.40\pic\sources\c90\common\Umul16.c
		___wmul        		CODE           	0004	0000	37

C:\Program Files\Microchip\xc8\v2.40\pic\sources\c90\common\Umul16.c estimated size: 37

shared
		__stringtab    		STRING         	0800	0000	16
		__initialization		CODE           	07DA	0000	34

shared estimated size: 50

C:\Program Files\Microchip\xc8\v2.40\pic\sources\c90\common\awmod.c
		___awmod       		CODE           	0E39	0000	91

C:\Program Files\Microchip\xc8\v2.40\pic\sources\c90\common\awmod.c estimated size: 91

ac.c
		_delay         		CODE           	0D3F	0000	15
		_main          		CODE           	0F73	0000	141
		_enable        		CODE           	0D60	0000	25
		_adc           		CODE           	00E1	0000	190
		_receive       		CODE           	0DA0	0000	70
		_temp_compare  		CODE           	019F	0000	291
		_print         		CODE           	0DE6	0000	83
		_lcd           		CODE           	0D4E	0000	18

ac.c estimated size: 833

C:\Program Files\Microchip\xc8\v2.40\pic\sources\c90\common\xxtofl.c
		___xxtofl      		CODE           	0029	0000	184

C:\Program Files\Microchip\xc8\v2.40\pic\sources\c90\common\xxtofl.c estimated size: 184

