Microchip MPLAB XC8 Compiler V2.40

Linker command line:

-W-3 \
  --edf=C:\Program Files\Microchip\xc8\v2.40\pic\dat\20220703182018_en.msgs \
  -cn -h+dist/default/production\voltage_divider.X.production.sym \
  --cmf=dist/default/production\voltage_divider.X.production.cmf -z \
  -Q16F887 -oC:\Users\SHARVE~1\AppData\Local\Temp\xcAs6j4.4 \
  --defsym=__MPLAB_BUILD=1 --fixupoverflow=error \
  -Mdist/default/production/voltage_divider.X.production.map \
  --md=C:\Users\SHARVE~1\AppData\Local\Temp\xcAs6j4.dat -E1 \
  -ver=XC8 Compiler --acfsm=1493 -ACODE=00h-07FFhx4 -ASTRCODE=00h-01FFFh \
  -ASTRING=00h-0FFhx32 -ACONST=00h-0FFhx32 -AENTRY=00h-0FFhx32 \
  -ACOMMON=070h-07Fh -ABANK0=020h-06Fh -ABANK1=0A0h-0EFh \
  -ABANK2=0110h-016Fh -ABANK3=0190h-01EFh \
  -ARAM=020h-06Fh,0A0h-0EFh,0110h-016Fh,0190h-01EFh \
  -AABS1=020h-07Fh,0A0h-0EFh,0110h-016Fh,0190h-01EFh -ASFR0=00h-01Fh \
  -ASFR1=080h-09Fh -ASFR2=0100h-010Fh -ASFR3=0180h-018Fh \
  -ACONFIG=02007h-02008h -DCONFIG=2 -AIDLOC=02000h-02003h -DIDLOC=2 \
  -AEEDATA=00h-0FFh/02100h -peeprom_data=EEDATA -DEEDATA=2 -DCODE=2 \
  -DSTRCODE=2 -DSTRING=2 -DCONST=2 -DENTRY=2 \
  -preset_vec=00h,intentry=04h,init,end_init -ppowerup=CODE -pcinit=CODE \
  -pfunctab=ENTRY -k C:\Users\SHARVE~1\AppData\Local\Temp\xcAs6j4.o \
  dist/default/production\voltage_divider.X.production.o 

Object code version is 3.11

Machine type is 16F887



                Name                               Link     Load   Length Selector   Space Scale
C:\Users\SHARVE~1\AppData\Local\Temp\xcAs6j4.o
                end_init                             10       10        3        8       0
                reset_vec                             0        0        3        0       0
                config                             2007     2007        2        0       4
                idloc                              2000     2000        4        0       5
dist/default/production\voltage_divider.X.production.o
                cinit                                13       13        8        8       0
                intentry                              4        4        C        8       0
                config                             2007     2007        2        0       4
                idloc                              2000     2000        4        0       5
                text13                              DA2      DA2       8B     1B44       0
                text12                              CCF      CCF       5B     199E       0
                text11                              E2D      E2D      1D3     1C5A       0
                text10                              C0E      C0E       27     181C       0
                text9                               3BF      3BF      345        8       0
                text8                               D2A      D2A       78     1A54       0
                text7                               C35      C35       27     186A       0
                text6                               704      704       B8        8       0
                text5                               BFF      BFF        F     17FE       0
                text4                               C5C      C5C       29     18B8       0
                text3                                1B       1B      3A4        8       0
                text2                               7E9      7E9       11        8       0
                text1                               7BC      7BC       2D        8       0
                maintext                            C85      C85       4A     190A       0
                cstackBANK0                          20       20       50       20       1
                cstackCOMMON                         70       70        E       70       1
                cstackBANK1                          A0       A0       25       A0       1
                bssBANK1                             C5       C5        2       A0       1

TOTAL           Name                               Link     Load   Length     Space
        CLASS   CODE           
                end_init                             10       10        3         0
                cinit                                13       13        8         0
                intentry                              4        4        C         0
                reset_vec                             0        0        3         0
                text13                              DA2      DA2       8B         0
                text12                              CCF      CCF       5B         0
                text11                              E2D      E2D      1D3         0
                text10                              C0E      C0E       27         0
                text9                               3BF      3BF      345         0
                text8                               D2A      D2A       78         0
                text7                               C35      C35       27         0
                text6                               704      704       B8         0
                text5                               BFF      BFF        F         0
                text4                               C5C      C5C       29         0
                text3                                1B       1B      3A4         0
                text2                               7E9      7E9       11         0
                text1                               7BC      7BC       2D         0
                maintext                            C85      C85       4A         0

        CLASS   STRCODE        

        CLASS   STRING         

        CLASS   CONST          

        CLASS   ENTRY          

        CLASS   COMMON         
                cstackCOMMON                         70       70        E         1

        CLASS   BANK0          
                cstackBANK0                          20       20       50         1

        CLASS   BANK1          
                cstackBANK1                          A0       A0       25         1
                bssBANK1                             C5       C5        2         1

        CLASS   BANK2          

        CLASS   BANK3          

        CLASS   RAM            

        CLASS   ABS1           
                abs_s1                               7E       7E        2         1

        CLASS   SFR0           

        CLASS   SFR1           

        CLASS   SFR2           

        CLASS   SFR3           

        CLASS   CONFIG         
                config                             2007     2007        2         4

        CLASS   IDLOC          
                idloc                              2000     2000        4         5

        CLASS   EEDATA         

        CLASS   STACK          



SEGMENTS        Name                           Load    Length   Top    Selector   Space  Class     Delta

                reset_vec                      000000  000003  000003         0       0  CODE        2
                intentry                       000004  0007F6  0007FA         8       0  CODE        2
                cstackBANK0                    000020  000050  000070        20       1  BANK0       1
                cstackCOMMON                   000070  00000E  00007E        70       1  COMMON      1
                cstackBANK1                    0000A0  000027  0000C7        A0       1  BANK1       1
                text5                          000BFF  00000F  000C0E      17FE       0  CODE        2
                text10                         000C0E  000027  000C35      181C       0  CODE        2
                text7                          000C35  000027  000C5C      186A       0  CODE        2
                text4                          000C5C  000029  000C85      18B8       0  CODE        2
                maintext                       000C85  00004A  000CCF      190A       0  CODE        2
                text12                         000CCF  00005B  000D2A      199E       0  CODE        2
                text8                          000D2A  000078  000DA2      1A54       0  CODE        2
                text13                         000DA2  00008B  000E2D      1B44       0  CODE        2
                text11                         000E2D  0001D3  001000      1C5A       0  CODE        2


UNUSED ADDRESS RANGES

        Name                Unused          Largest block    Delta
        BANK1            00C7-00EF             29           1
        BANK2            0110-016F             60           1
        BANK3            0190-01EF             60           1
        CODE             0003-0003              1           2
                         07FA-0BFE              6
                         1000-1FFF            800
        CONST            0003-0003              1           2
                         07FA-0BFE            100
                         1000-1FFF            100
        EEDATA           2100-21FF            100           2
        ENTRY            0003-0003              1           2
                         07FA-0BFE            100
                         1000-1FFF            100
        RAM              00C7-00EF             29           1
                         0110-016F             60
                         0190-01EF             60
        SFR0             0000-001F             20           1
        SFR1             0080-009F             20           1
        SFR2             0100-010F             10           1
        SFR3             0180-018F             10           1
        STRCODE          0003-0003              1           2
                         07FA-0BFE            405
                         1000-1FFF           1000
        STRING           0003-0003              1           2
                         07FA-0BFE            100
                         1000-1FFF            100

                                  Symbol Table

?__Umul8_16              cstackCOMMON 0070
?___awdiv                cstackBANK0  006B
?___awmod                cstackBANK0  0064
?___fldiv                cstackBANK0  003A
?___flmul                cstackBANK0  0020
?___fltol                cstackBANK0  0054
?___wmul                 cstackBANK0  005E
?___xxtofl               cstackCOMMON 0070
_ADCON0                  (abs)        001F
_ADCON1                  (abs)        009F
_ADIE                    (abs)        0466
_ADIF                    (abs)        0066
_ADRESH                  (abs)        001E
_ADRESL                  (abs)        009E
_ANSEL                   (abs)        0188
_ANSELH                  (abs)        0189
_GIE                     (abs)        005F
_GO                      (abs)        00F9
_PEIE                    (abs)        005E
_PORTA                   (abs)        0005
_PORTD                   (abs)        0008
_PORTE                   (abs)        0009
_RE0                     (abs)        0048
_RE1                     (abs)        0049
_TRISA                   (abs)        0085
_TRISD                   (abs)        0088
_TRISE                   (abs)        0089
__Habs1                  abs1         0000
__Hbank0                 bank0        0000
__Hbank1                 bank1        0000
__Hbank2                 bank2        0000
__Hbank3                 bank3        0000
__HbssBANK1              bssBANK1     0000
__Hcinit                 cinit        001B
__Hclrtext               clrtext      0000
__Hcode                  code         0000
__Hcommon                common       0000
__Hconfig                config       2009
__HcstackBANK0           cstackBANK0  0000
__HcstackBANK1           cstackBANK1  0000
__HcstackCOMMON          cstackCOMMON 0000
__Heeprom_data           eeprom_data  0000
__Hend_init              end_init     0013
__Hfunctab               functab      0000
__Hidloc                 idloc        2004
__Hinit                  init         0010
__Hintentry              intentry     0010
__Hmaintext              maintext     0000
__Hpowerup               powerup      0000
__Hram                   ram          0000
__Hreset_vec             reset_vec    0003
__Hsfr0                  sfr0         0000
__Hsfr1                  sfr1         0000
__Hsfr2                  sfr2         0000
__Hsfr3                  sfr3         0000
__Hspace_0               (abs)        1000
__Hspace_1               (abs)        00C7
__Hspace_2               (abs)        0000
__Hspace_3               (abs)        0000
__Hspace_4               (abs)        4010
__Hstack                 stack        0000
__Hstrings               strings      0000
__Htext                  text         0000
__Labs1                  abs1         0000
__Lbank0                 bank0        0000
__Lbank1                 bank1        0000
__Lbank2                 bank2        0000
__Lbank3                 bank3        0000
__LbssBANK1              bssBANK1     0000
__Lcinit                 cinit        0013
__Lclrtext               clrtext      0000
__Lcode                  code         0000
__Lcommon                common       0000
__Lconfig                config       0000
__LcstackBANK0           cstackBANK0  0000
__LcstackBANK1           cstackBANK1  0000
__LcstackCOMMON          cstackCOMMON 0000
__Leeprom_data           eeprom_data  0000
__Lend_init              end_init     0010
__Lfunctab               functab      0000
__Lidloc                 idloc        0000
__Linit                  init         0010
__Lintentry              intentry     0004
__Lmaintext              maintext     0000
__Lpowerup               powerup      0000
__Lram                   ram          0000
__Lreset_vec             reset_vec    0000
__Lsfr0                  sfr0         0000
__Lsfr1                  sfr1         0000
__Lsfr2                  sfr2         0000
__Lsfr3                  sfr3         0000
__Lspace_0               (abs)        0000
__Lspace_1               (abs)        0000
__Lspace_2               (abs)        0000
__Lspace_3               (abs)        0000
__Lspace_4               (abs)        0000
__Lstack                 stack        0000
__Lstrings               strings      0000
__Ltext                  text         0000
__S0                     (abs)        1000
__S1                     (abs)        00C7
__S3                     (abs)        0000
__Umul8_16               text10       0C0E
__Umul8_16@multiplicand  cstackCOMMON 0070
__Umul8_16@multiplier    cstackCOMMON 0078
__Umul8_16@product       cstackCOMMON 0074
__Umul8_16@word_mpld     cstackCOMMON 0076
___awdiv                 text13       0DA2
___awdiv@counter         cstackBANK1  00A0
___awdiv@dividend        cstackBANK0  006D
___awdiv@divisor         cstackBANK0  006B
___awdiv@quotient        cstackBANK1  00A2
___awdiv@sign            cstackBANK1  00A1
___awmod                 text12       0CCF
___awmod@counter         cstackBANK0  0069
___awmod@dividend        cstackBANK0  0066
___awmod@divisor         cstackBANK0  0064
___awmod@sign            cstackBANK0  006A
___fldiv                 text11       0E2D
___fldiv@a               cstackBANK0  003A
___fldiv@aexp            cstackBANK0  0053
___fldiv@b               cstackBANK0  003E
___fldiv@bexp            cstackBANK0  0052
___fldiv@grs             cstackBANK0  004E
___fldiv@new_exp         cstackBANK0  004C
___fldiv@rem             cstackBANK0  0047
___fldiv@sign            cstackBANK0  004B
___flmul                 text9        03BF
___flmul@a               cstackBANK0  0024
___flmul@aexp            cstackBANK0  0032
___flmul@b               cstackBANK0  0020
___flmul@bexp            cstackBANK0  0033
___flmul@grs             cstackBANK0  002E
___flmul@prod            cstackBANK0  0034
___flmul@sign            cstackBANK0  002D
___flmul@temp            cstackBANK0  0038
___fltol                 text8        0D2A
___fltol@exp1            cstackBANK0  005D
___fltol@f1              cstackBANK0  0054
___fltol@sign1           cstackBANK0  005C
___int_sp                stack        0000
___latbits               (abs)        0002
___sp                    stack        0000
___stackhi               (abs)        0000
___stacklo               (abs)        0000
___wmul                  text7        0C35
___wmul@multiplicand     cstackBANK0  0060
___wmul@multiplier       cstackBANK0  005E
___wmul@product          cstackBANK0  0062
___xxtofl                text6        0704
___xxtofl@arg            cstackCOMMON 007A
___xxtofl@exp            cstackCOMMON 0079
___xxtofl@sign           cstackCOMMON 0078
___xxtofl@val            cstackCOMMON 0070
__end_of__Umul8_16       text10       0C35
__end_of___awdiv         text13       0E2D
__end_of___awmod         text12       0D2A
__end_of___fldiv         text11       1000
__end_of___flmul         text9        0704
__end_of___fltol         text8        0DA2
__end_of___wmul          text7        0C5C
__end_of___xxtofl        text6        07BC
__end_of__initialization cinit        0017
__end_of_adc             text3        03BF
__end_of_delay           text2        07FA
__end_of_lcd             text1        07E9
__end_of_main            maintext     0CCF
__end_ofi1_delay         text5        0C0E
__end_ofi1_lcd           text4        0C85
__initialization         cinit        0013
__pbssBANK1              bssBANK1     00C5
__pcstackBANK0           cstackBANK0  0020
__pcstackBANK1           cstackBANK1  00A0
__pcstackCOMMON          cstackCOMMON 0070
__pintentry              intentry     0004
__pmaintext              maintext     0C85
__ptext1                 text1        07BC
__ptext10                text10       0C0E
__ptext11                text11       0E2D
__ptext12                text12       0CCF
__ptext13                text13       0DA2
__ptext2                 text2        07E9
__ptext3                 text3        001B
__ptext4                 text4        0C5C
__ptext5                 text5        0BFF
__ptext6                 text6        0704
__ptext7                 text7        0C35
__ptext8                 text8        0D2A
__ptext9                 text9        03BF
_adc                     text3        001B
_adc$674                 cstackBANK1  00B8
_adc$675                 cstackBANK1  00BC
_delay                   text2        07E9
_dv                      bssBANK1     00C5
_lcd                     text1        07BC
_main                    maintext     0C85
adc@a                    cstackBANK1  00B0
adc@b                    cstackBANK1  00B2
adc@c                    cstackBANK1  00B4
adc@d                    cstackBANK1  00B6
adc@dvolt                cstackBANK1  00AA
adc@dvolt_dec            cstackBANK1  00AC
adc@volt                 cstackBANK1  00BA
adc@volt_dec             cstackBANK1  00AE
btemp                    (abs)        007E
delay@t                  cstackBANK1  00C0
end_of_initialization    cinit        0017
i1_delay                 text5        0BFF
i1_lcd                   text4        0C5C
i1delay@t                cstackCOMMON 0070
i1lcd@data               cstackBANK1  00A6
i1lcd@rs                 cstackBANK1  00A4
interrupt_function       intentry     0004
intlevel0                functab      0000
intlevel1                functab      0000
intlevel2                functab      0000
intlevel3                functab      0000
intlevel4                functab      0000
intlevel5                functab      0000
lcd@data                 cstackBANK1  00C4
lcd@rs                   cstackBANK1  00C2
reset_vec                reset_vec    0000
saved_w                  (abs)        007E
start                    init         0010
start_initialization     cinit        0013
wtemp0                   (abs)        007E


MODULE INFORMATION

Module		Function		Class		Link	Load	Size
C:\Program Files\Microchip\xc8\v2.40\pic\sources\c90\common\fltol.c
		___fltol       		CODE           	0D2A	0000	120

C:\Program Files\Microchip\xc8\v2.40\pic\sources\c90\common\fltol.c estimated size: 120

C:\Program Files\Microchip\xc8\v2.40\pic\sources\c90\common\awdiv.c
		___awdiv       		CODE           	0DA2	0000	139

C:\Program Files\Microchip\xc8\v2.40\pic\sources\c90\common\awdiv.c estimated size: 139

C:\Program Files\Microchip\xc8\v2.40\pic\sources\c90\common\sprcmul.c
		___flmul       		CODE           	03BF	0000	837

C:\Program Files\Microchip\xc8\v2.40\pic\sources\c90\common\sprcmul.c estimated size: 837

C:\Program Files\Microchip\xc8\v2.40\pic\sources\c90\common\sprcdiv.c
		___fldiv       		CODE           	0E2D	0000	467

C:\Program Files\Microchip\xc8\v2.40\pic\sources\c90\common\sprcdiv.c estimated size: 467

C:\Program Files\Microchip\xc8\v2.40\pic\sources\c90\common\Umul8_16.c
		__Umul8_16     		CODE           	0C0E	0000	39

C:\Program Files\Microchip\xc8\v2.40\pic\sources\c90\common\Umul8_16.c estimated size: 39

C:\Program Files\Microchip\xc8\v2.40\pic\sources\c90\common\Umul16.c
		___wmul        		CODE           	0C35	0000	39

C:\Program Files\Microchip\xc8\v2.40\pic\sources\c90\common\Umul16.c estimated size: 39

shared
		i1_lcd         		CODE           	0C5C	0000	41
		__initialization		CODE           	0013	0000	4
		i1_delay       		CODE           	0BFF	0000	15

shared estimated size: 60

C:\Program Files\Microchip\xc8\v2.40\pic\sources\c90\common\awmod.c
		___awmod       		CODE           	0CCF	0000	91

C:\Program Files\Microchip\xc8\v2.40\pic\sources\c90\common\awmod.c estimated size: 91

voltage_divider.c
		_delay         		CODE           	07E9	0000	17
		_main          		CODE           	0C85	0000	74
		_adc           		CODE           	001B	0000	932
		_lcd           		CODE           	07BC	0000	45

voltage_divider.c estimated size: 1068

C:\Program Files\Microchip\xc8\v2.40\pic\sources\c90\common\xxtofl.c
		___xxtofl      		CODE           	0704	0000	184

C:\Program Files\Microchip\xc8\v2.40\pic\sources\c90\common\xxtofl.c estimated size: 184

