Microchip MPLAB XC8 Compiler V2.40

Linker command line:

-W-3 \
  --edf=C:\Program Files\Microchip\xc8\v2.40\pic\dat\20220703182018_en.msgs \
  -cn -h+dist/default/production\butterfly.X.production.sym \
  --cmf=dist/default/production\butterfly.X.production.cmf -z -Q16F887 \
  -oC:\Users\SHARVE~1\AppData\Local\Temp\xcAs7so.4 --defsym=__MPLAB_BUILD=1 \
  --fixupoverflow=error \
  -Mdist/default/production/butterfly.X.production.map \
  --md=C:\Users\SHARVE~1\AppData\Local\Temp\xcAs7so.dat -E1 \
  -ver=XC8 Compiler --acfsm=1493 -ACODE=00h-07FFhx4 -ASTRCODE=00h-01FFFh \
  -ASTRING=00h-0FFhx32 -ACONST=00h-0FFhx32 -AENTRY=00h-0FFhx32 \
  -ACOMMON=070h-07Fh -ABANK0=020h-06Fh -ABANK1=0A0h-0EFh \
  -ABANK2=0110h-016Fh -ABANK3=0190h-01EFh \
  -ARAM=020h-06Fh,0A0h-0EFh,0110h-016Fh,0190h-01EFh \
  -AABS1=020h-07Fh,0A0h-0EFh,0110h-016Fh,0190h-01EFh -ASFR0=00h-01Fh \
  -ASFR1=080h-09Fh -ASFR2=0100h-010Fh -ASFR3=0180h-018Fh \
  -ACONFIG=02007h-02008h -DCONFIG=2 -AIDLOC=02000h-02003h -DIDLOC=2 \
  -AEEDATA=00h-0FFh/02100h -peeprom_data=EEDATA -DEEDATA=2 -DCODE=2 \
  -DSTRCODE=2 -DSTRING=2 -DCONST=2 -DENTRY=2 \
  -preset_vec=00h,intentry,init,end_init -ppowerup=CODE -pcinit=CODE \
  -pfunctab=ENTRY -k C:\Users\SHARVE~1\AppData\Local\Temp\xcAs7so.o \
  dist/default/production\butterfly.X.production.o 

Object code version is 3.11

Machine type is 16F887



                Name                               Link     Load   Length Selector   Space Scale
C:\Users\SHARVE~1\AppData\Local\Temp\xcAs7so.o
                end_init                              0        0        3        0       0
                config                             2007     2007        2        0       4
                idloc                              2000     2000        4        0       5
dist/default/production\butterfly.X.production.o
                cinit                               7F8      7F8        8      FF0       0
                config                             2007     2007        2        0       4
                idloc                              2000     2000        4        0       5
                text18                                E        E        F       1C       0
                text17                              8AD      8AD      1D9     115A       0
                text16                                3        3        B        0       0
                text15                               1D       1D      258       3A       0
                text14                             1F65     1F65       24     3ECA       0
                text13                             1F89     1F89       27     3F12       0
                text12                              CBB      CBB      345     1976       0
                text11                             1208     1208       DC     2410       0
                text10                              80B      80B       A2     1016       0
                text9                              10BC     10BC       94     2178       0
                text8                              1150     1150       B8     22A0       0
                text7                              1FB0     1FB0       50     3F60       0
                text6                              1060     1060       5C     20C0       0
                text5                              13C2     13C2       F7     2784       0
                text4                              12E4     12E4       DE     25C8       0
                text3                               A86      A86      235     150C       0
                text2                              14B9     14B9      170     2972       0
                text1                              1629     1629      1D7     2C52       0
                maintext                            275      275      583      4EA       0
                cstackBANK0                          20       20       4F       20       1
                cstackCOMMON                         70       70        E       70       1
                cstackBANK1                          A0       A0       32       A0       1
                cstackBANK3                         190      190       24      190       1
                bssBANK1                             D2       D2        2       A0       1
                strings                            1000     1000       52     2000       0

TOTAL           Name                               Link     Load   Length     Space
        CLASS   CODE           
                end_init                              0        0        3         0
                cinit                               7F8      7F8        8         0
                text18                                E        E        F         0
                text17                              8AD      8AD      1D9         0
                text16                                3        3        B         0
                text15                               1D       1D      258         0
                text14                             1F65     1F65       24         0
                text13                             1F89     1F89       27         0
                text12                              CBB      CBB      345         0
                text11                             1208     1208       DC         0
                text10                              80B      80B       A2         0
                text9                              10BC     10BC       94         0
                text8                              1150     1150       B8         0
                text7                              1FB0     1FB0       50         0
                text6                              1060     1060       5C         0
                text5                              13C2     13C2       F7         0
                text4                              12E4     12E4       DE         0
                text3                               A86      A86      235         0
                text2                              14B9     14B9      170         0
                text1                              1629     1629      1D7         0
                maintext                            275      275      583         0

        CLASS   STRCODE        

        CLASS   STRING         
                strings                            1000     1000       52         0

        CLASS   CONST          

        CLASS   ENTRY          

        CLASS   COMMON         
                cstackCOMMON                         70       70        E         1

        CLASS   BANK0          
                cstackBANK0                          20       20       4F         1

        CLASS   BANK1          
                cstackBANK1                          A0       A0       32         1
                bssBANK1                             D2       D2        2         1

        CLASS   BANK2          

        CLASS   BANK3          
                cstackBANK3                         190      190       24         1

        CLASS   RAM            

        CLASS   ABS1           
                abs_s1                               7E       7E        2         1

        CLASS   SFR0           

        CLASS   SFR1           

        CLASS   SFR2           

        CLASS   SFR3           

        CLASS   CONFIG         
                config                             2007     2007        2         4

        CLASS   IDLOC          
                idloc                              2000     2000        4         5

        CLASS   EEDATA         

        CLASS   STACK          



SEGMENTS        Name                           Load    Length   Top    Selector   Space  Class     Delta

                reset_vec                      000000  00000E  00000E         0       0  CODE        2
                text18                         00000E  00000F  00001D        1C       0  CODE        2
                cstackBANK0                    000020  00004F  00006F        20       1  BANK0       1
                text15                         00001D  000258  000275        3A       0  CODE        2
                cstackCOMMON                   000070  00000E  00007E        70       1  COMMON      1
                cstackBANK1                    0000A0  000034  0000D4        A0       1  BANK1       1
                cstackBANK3                    000190  000024  0001B4       190       1  BANK3       1
                maintext                       000275  000583  0007F8       4EA       0  CODE        2
                cinit                          0007F8  000008  000800       FF0       0  CODE        2
                text10                         00080B  0000A2  0008AD      1016       0  CODE        2
                text17                         0008AD  0001D9  000A86      115A       0  CODE        2
                text3                          000A86  000235  000CBB      150C       0  CODE        2
                text12                         000CBB  000345  001000      1976       0  CODE        2
                strings                        001000  000052  001052      2000       0  STRING      2
                text6                          001060  00005C  0010BC      20C0       0  CODE        2
                text9                          0010BC  000094  001150      2178       0  CODE        2
                text8                          001150  0000B8  001208      22A0       0  CODE        2
                text11                         001208  0000DC  0012E4      2410       0  CODE        2
                text4                          0012E4  0000DE  0013C2      25C8       0  CODE        2
                text5                          0013C2  0000F7  0014B9      2784       0  CODE        2
                text2                          0014B9  000170  001629      2972       0  CODE        2
                text1                          001629  0001D7  001800      2C52       0  CODE        2
                text14                         001F65  000024  001F89      3ECA       0  CODE        2
                text13                         001F89  000027  001FB0      3F12       0  CODE        2
                text7                          001FB0  000050  002000      3F60       0  CODE        2


UNUSED ADDRESS RANGES

        Name                Unused          Largest block    Delta
        BANK0            006F-006F              1           1
        BANK1            00D4-00EF             1C           1
        BANK2            0110-016F             60           1
        BANK3            01B4-01EF             3C           1
        CODE             0800-080A              B           2
                         1052-105F              E
                         1800-1F64            765
        CONST            0800-080A              B           2
                         1052-105F              E
                         1800-1F64            100
        EEDATA           2100-21FF            100           2
        ENTRY            0800-080A              B           2
                         1052-105F              E
                         1800-1F64            100
        RAM              006F-006F              1           1
                         00D4-00EF             1C
                         0110-016F             60
                         01B4-01EF             3C
        SFR0             0000-001F             20           1
        SFR1             0080-009F             20           1
        SFR2             0100-010F             10           1
        SFR3             0180-018F             10           1
        STRCODE          0800-080A              B           2
                         1052-105F              E
                         1800-1F64            765
        STRING           0800-080A              B           2
                         1052-105F              E
                         1800-1F64            100

                                  Symbol Table

?__Umul8_16              cstackCOMMON 0070
?___fladd                cstackBANK0  004D
?___fldiv                cstackCOMMON 0070
?___flmul                cstackBANK0  0033
?___flneg                cstackCOMMON 0070
?___flsub                cstackBANK0  0061
?___fltol                cstackBANK0  0069
?___xxtofl               cstackCOMMON 0070
?_eval_poly              cstackBANK0  0061
?_exp                    cstackBANK1  00AE
?_floor                  cstackBANK1  00A4
?_frexp                  cstackBANK0  002C
?_ldexp                  cstackBANK1  00A4
?_log                    cstackBANK1  00A4
?_pow                    cstackBANK1  00B9
_ANSEL                   (abs)        0188
_ANSELH                  (abs)        0189
_PORTB                   (abs)        0006
_PORTD                   (abs)        0008
_TRISB                   (abs)        0086
_TRISD                   (abs)        0088
__Habs1                  abs1         0000
__Hbank0                 bank0        0000
__Hbank1                 bank1        0000
__Hbank2                 bank2        0000
__Hbank3                 bank3        0000
__HbssBANK1              bssBANK1     0000
__Hcinit                 cinit        0800
__Hclrtext               clrtext      0000
__Hcode                  code         0000
__Hcommon                common       0000
__Hconfig                config       2009
__HcstackBANK0           cstackBANK0  0000
__HcstackBANK1           cstackBANK1  0000
__HcstackBANK3           cstackBANK3  0000
__HcstackCOMMON          cstackCOMMON 0000
__Heeprom_data           eeprom_data  0000
__Hend_init              end_init     0003
__Hfunctab               functab      0000
__Hidloc                 idloc        2004
__Hinit                  init         0000
__Hintentry              intentry     0000
__Hmaintext              maintext     0000
__Hpowerup               powerup      0000
__Hram                   ram          0000
__Hreset_vec             reset_vec    0000
__Hsfr0                  sfr0         0000
__Hsfr1                  sfr1         0000
__Hsfr2                  sfr2         0000
__Hsfr3                  sfr3         0000
__Hspace_0               (abs)        2000
__Hspace_1               (abs)        01B4
__Hspace_2               (abs)        0000
__Hspace_3               (abs)        0000
__Hspace_4               (abs)        4010
__Hstack                 stack        0000
__Hstrings               strings      0000
__Htext                  text         0000
__Labs1                  abs1         0000
__Lbank0                 bank0        0000
__Lbank1                 bank1        0000
__Lbank2                 bank2        0000
__Lbank3                 bank3        0000
__LbssBANK1              bssBANK1     0000
__Lcinit                 cinit        07F8
__Lclrtext               clrtext      0000
__Lcode                  code         0000
__Lcommon                common       0000
__Lconfig                config       0000
__LcstackBANK0           cstackBANK0  0000
__LcstackBANK1           cstackBANK1  0000
__LcstackBANK3           cstackBANK3  0000
__LcstackCOMMON          cstackCOMMON 0000
__Leeprom_data           eeprom_data  0000
__Lend_init              end_init     0000
__Lfunctab               functab      0000
__Lidloc                 idloc        0000
__Linit                  init         0000
__Lintentry              intentry     0000
__Lmaintext              maintext     0000
__Lpowerup               powerup      0000
__Lram                   ram          0000
__Lreset_vec             reset_vec    0000
__Lsfr0                  sfr0         0000
__Lsfr1                  sfr1         0000
__Lsfr2                  sfr2         0000
__Lsfr3                  sfr3         0000
__Lspace_0               (abs)        0000
__Lspace_1               (abs)        0000
__Lspace_2               (abs)        0000
__Lspace_3               (abs)        0000
__Lspace_4               (abs)        0000
__Lstack                 stack        0000
__Lstrings               strings      0000
__Ltext                  text         0000
__S0                     (abs)        2000
__S1                     (abs)        01B4
__S3                     (abs)        0000
__Umul8_16               text13       1F89
__Umul8_16@multiplicand  cstackCOMMON 0070
__Umul8_16@multiplier    cstackCOMMON 0078
__Umul8_16@product       cstackCOMMON 0074
__Umul8_16@word_mpld     cstackCOMMON 0076
___fladd                 text15       001D
___fladd@a               cstackBANK0  0051
___fladd@aexp            cstackBANK0  005E
___fladd@b               cstackBANK0  004D
___fladd@bexp            cstackBANK0  005F
___fladd@grs             cstackBANK0  0060
___fladd@signs           cstackBANK0  005D
___fldiv                 text17       08AD
___fldiv@a               cstackCOMMON 0070
___fldiv@aexp            cstackBANK0  002C
___fldiv@b               cstackCOMMON 0074
___fldiv@bexp            cstackBANK0  002B
___fldiv@grs             cstackBANK0  0027
___fldiv@new_exp         cstackBANK0  0025
___fldiv@rem             cstackBANK0  0020
___fldiv@sign            cstackBANK0  0024
___fleq                  text7        1FB0
___fleq@ff1              cstackBANK0  0020
___fleq@ff2              cstackBANK0  0024
___flge                  text10       080B
___flge@ff1              cstackCOMMON 0070
___flge@ff2              cstackCOMMON 0074
___flmul                 text12       0CBB
___flmul@a               cstackBANK0  0037
___flmul@aexp            cstackBANK0  0041
___flmul@b               cstackBANK0  0033
___flmul@bexp            cstackBANK0  0046
___flmul@grs             cstackBANK0  0042
___flmul@prod            cstackBANK0  0047
___flmul@sign            cstackBANK0  0040
___flmul@temp            cstackBANK0  004B
___flneg                 text16       0003
___flneg@f1              cstackCOMMON 0070
___flsub                 text14       1F65
___flsub@a               cstackBANK0  0061
___flsub@b               cstackBANK0  0065
___fltol                 text9        10BC
___fltol@exp1            cstackBANK0  006E
___fltol@f1              cstackBANK0  0069
___fltol@sign1           cstackBANK0  006D
___int_sp                stack        0000
___latbits               (abs)        0002
___sp                    stack        0000
___stackhi               (abs)        0000
___stacklo               (abs)        0000
___xxtofl                text8        1150
___xxtofl@arg            cstackCOMMON 007A
___xxtofl@exp            cstackCOMMON 0079
___xxtofl@sign           cstackCOMMON 0078
___xxtofl@val            cstackCOMMON 0070
__end_of__Umul8_16       text13       1FB0
__end_of___fladd         text15       0275
__end_of___fldiv         text17       0A86
__end_of___fleq          text7        2000
__end_of___flge          text10       08AD
__end_of___flmul         text12       1000
__end_of___flneg         text16       000E
__end_of___flsub         text14       1F89
__end_of___fltol         text9        1150
__end_of___xxtofl        text8        1208
__end_of__initialization cinit        07FC
__end_of__stringtab      strings      1006
__end_of_delay           text18       001D
__end_of_eval_poly       text11       12E4
__end_of_exp             text3        0CBB
__end_of_floor           text5        14B9
__end_of_frexp           text6        10BC
__end_of_ldexp           text4        13C2
__end_of_log             text2        1629
__end_of_main            maintext     07F8
__end_of_pow             text1        1800
__end_ofexp@coeff        strings      102E
__end_oflog@coeff        strings      1052
__initialization         cinit        07F8
__pbssBANK1              bssBANK1     00D2
__pcstackBANK0           cstackBANK0  0020
__pcstackBANK1           cstackBANK1  00A0
__pcstackBANK3           cstackBANK3  0190
__pcstackCOMMON          cstackCOMMON 0070
__pmaintext              maintext     0275
__pstrings               strings      1000
__ptext1                 text1        1629
__ptext10                text10       080B
__ptext11                text11       1208
__ptext12                text12       0CBB
__ptext13                text13       1F89
__ptext14                text14       1F65
__ptext15                text15       001D
__ptext16                text16       0003
__ptext17                text17       08AD
__ptext18                text18       000E
__ptext2                 text2        14B9
__ptext3                 text3        0A86
__ptext4                 text4        12E4
__ptext5                 text5        13C2
__ptext6                 text6        1060
__ptext7                 text7        1FB0
__ptext8                 text8        1150
__ptext9                 text9        10BC
__stringbase             strings      1005
__stringtab              strings      1000
_delay                   text18       000E
_errno                   bssBANK1     00D2
_eval_poly               text11       1208
_exp                     text3        0A86
_exp$750                 cstackBANK1  00B2
_floor                   text5        13C2
_frexp                   text6        1060
_ldexp                   text4        12E4
_log                     text2        14B9
_main                    maintext     0275
_main$740                cstackBANK3  01A8
_main$741                cstackBANK3  0190
_main$742                cstackBANK3  01AC
_main$743                cstackBANK3  0194
_main$744                cstackBANK3  0198
_main$745                cstackBANK3  019C
_main$746                cstackBANK3  01A0
_main$747                cstackBANK3  01A4
_pow                     text1        1629
_pow$748                 cstackBANK1  00C1
_pow$749                 cstackBANK1  00C5
btemp                    (abs)        007E
delay@t                  cstackCOMMON 0070
end_of_initialization    cinit        07FC
eval_poly@d              cstackBANK0  0065
eval_poly@n              cstackBANK0  0066
eval_poly@res            cstackBANK1  00A0
eval_poly@x              cstackBANK0  0061
exp@coeff                strings      1006
exp@exponent             cstackBANK1  00B6
exp@sign                 cstackBANK1  00B8
exp@x                    cstackBANK1  00AE
floor@expon              cstackBANK1  00AC
floor@i                  cstackBANK1  00A8
floor@x                  cstackBANK1  00A4
frexp@eptr               cstackBANK0  0030
frexp@value              cstackBANK0  002C
intlevel0                functab      0000
intlevel1                functab      0000
intlevel2                functab      0000
intlevel3                functab      0000
intlevel4                functab      0000
intlevel5                functab      0000
ldexp@newexp             cstackBANK1  00A8
ldexp@value              cstackBANK1  00A4
log@coeff                strings      102E
log@exponent             cstackBANK0  006D
log@x                    cstackBANK1  00A4
main@i                   cstackBANK3  01B0
main@j                   cstackBANK3  01B2
pow@sign                 cstackBANK1  00C9
pow@x                    cstackBANK1  00B9
pow@y                    cstackBANK1  00BD
pow@yi                   cstackBANK1  00CA
reset_vec                reset_vec    0000
start                    init         0000
start_initialization     cinit        07F8
wtemp0                   (abs)        007E


MODULE INFORMATION

Module		Function		Class		Link	Load	Size
C:\Program Files\Microchip\xc8\v2.40\pic\sources\c90\common\fltol.c
		___fltol       		CODE           	10BC	0000	148

C:\Program Files\Microchip\xc8\v2.40\pic\sources\c90\common\fltol.c estimated size: 148

butterfly.c
		_delay         		CODE           	000E	0000	15
		_main          		CODE           	0275	0000	1411

butterfly.c estimated size: 1426

C:\Program Files\Microchip\xc8\v2.40\pic\sources\c90\common\exp.c
		_exp           		CODE           	0A86	0000	565

C:\Program Files\Microchip\xc8\v2.40\pic\sources\c90\common\exp.c estimated size: 565

C:\Program Files\Microchip\xc8\v2.40\pic\sources\c90\common\sprcmul.c
		___flmul       		CODE           	0CBB	0000	837

C:\Program Files\Microchip\xc8\v2.40\pic\sources\c90\common\sprcmul.c estimated size: 837

C:\Program Files\Microchip\xc8\v2.40\pic\sources\c90\common\flneg.c
		___flneg       		CODE           	0003	0000	11

C:\Program Files\Microchip\xc8\v2.40\pic\sources\c90\common\flneg.c estimated size: 11

C:\Program Files\Microchip\xc8\v2.40\pic\sources\c90\common\sprcdiv.c
		___fldiv       		CODE           	08AD	0000	473

C:\Program Files\Microchip\xc8\v2.40\pic\sources\c90\common\sprcdiv.c estimated size: 473

C:\Program Files\Microchip\xc8\v2.40\pic\sources\c90\common\fleq.c
		___fleq        		CODE           	1FB0	0000	80

C:\Program Files\Microchip\xc8\v2.40\pic\sources\c90\common\fleq.c estimated size: 80

C:\Program Files\Microchip\xc8\v2.40\pic\sources\c90\common\evalpoly.c
		_eval_poly     		CODE           	1208	0000	220

C:\Program Files\Microchip\xc8\v2.40\pic\sources\c90\common\evalpoly.c estimated size: 220

C:\Program Files\Microchip\xc8\v2.40\pic\sources\c90\common\Umul8_16.c
		__Umul8_16     		CODE           	1F89	0000	39

C:\Program Files\Microchip\xc8\v2.40\pic\sources\c90\common\Umul8_16.c estimated size: 39

C:\Program Files\Microchip\xc8\v2.40\pic\sources\c90\common\log.c
		_log           		CODE           	14B9	0000	368

C:\Program Files\Microchip\xc8\v2.40\pic\sources\c90\common\log.c estimated size: 368

shared
		exp@coeff      		STRING         	1006	0000	40
		__stringtab    		STRING         	1000	0000	6
		__initialization		CODE           	07F8	0000	4
		log@coeff      		STRING         	102E	0000	36

shared estimated size: 86

C:\Program Files\Microchip\xc8\v2.40\pic\sources\c90\common\sprcadd.c
		___flsub       		CODE           	1F65	0000	36
		___fladd       		CODE           	001D	0000	600

C:\Program Files\Microchip\xc8\v2.40\pic\sources\c90\common\sprcadd.c estimated size: 636

C:\Program Files\Microchip\xc8\v2.40\pic\sources\c90\common\pow.c
		_pow           		CODE           	1629	0000	471

C:\Program Files\Microchip\xc8\v2.40\pic\sources\c90\common\pow.c estimated size: 471

C:\Program Files\Microchip\xc8\v2.40\pic\sources\c90\common\frexp.c
		_ldexp         		CODE           	12E4	0000	222
		_frexp         		CODE           	1060	0000	92

C:\Program Files\Microchip\xc8\v2.40\pic\sources\c90\common\frexp.c estimated size: 314

C:\Program Files\Microchip\xc8\v2.40\pic\sources\c90\common\floor.c
		_floor         		CODE           	13C2	0000	247

C:\Program Files\Microchip\xc8\v2.40\pic\sources\c90\common\floor.c estimated size: 247

C:\Program Files\Microchip\xc8\v2.40\pic\sources\c90\common\flge.c
		___flge        		CODE           	080B	0000	162

C:\Program Files\Microchip\xc8\v2.40\pic\sources\c90\common\flge.c estimated size: 162

C:\Program Files\Microchip\xc8\v2.40\pic\sources\c90\common\xxtofl.c
		___xxtofl      		CODE           	1150	0000	184

C:\Program Files\Microchip\xc8\v2.40\pic\sources\c90\common\xxtofl.c estimated size: 184

