Microchip MPLAB XC8 Compiler V2.40

Linker command line:

-W-3 \
  --edf=C:\Program Files\Microchip\xc8\v2.40\pic\dat\20220703182018_en.msgs \
  -cn -h+dist/default/production\clock.X.production.sym \
  --cmf=dist/default/production\clock.X.production.cmf -z -Q16F887 \
  -oC:\Users\SHARVE~1\AppData\Local\Temp\xcAsi8s.4 --defsym=__MPLAB_BUILD=1 \
  --fixupoverflow=error -Mdist/default/production/clock.X.production.map \
  --md=C:\Users\SHARVE~1\AppData\Local\Temp\xcAsi8s.dat -E1 \
  -ver=XC8 Compiler --acfsm=1493 -ACODE=00h-07FFhx4 -ASTRCODE=00h-01FFFh \
  -ASTRING=00h-0FFhx32 -ACONST=00h-0FFhx32 -AENTRY=00h-0FFhx32 \
  -ACOMMON=070h-07Fh -ABANK0=020h-06Fh -ABANK1=0A0h-0EFh \
  -ABANK2=0110h-016Fh -ABANK3=0190h-01EFh \
  -ARAM=020h-06Fh,0A0h-0EFh,0110h-016Fh,0190h-01EFh \
  -AABS1=020h-07Fh,0A0h-0EFh,0110h-016Fh,0190h-01EFh -ASFR0=00h-01Fh \
  -ASFR1=080h-09Fh -ASFR2=0100h-010Fh -ASFR3=0180h-018Fh \
  -ACONFIG=02007h-02008h -DCONFIG=2 -AIDLOC=02000h-02003h -DIDLOC=2 \
  -AEEDATA=00h-0FFh/02100h -peeprom_data=EEDATA -DEEDATA=2 -DCODE=2 \
  -DSTRCODE=2 -DSTRING=2 -DCONST=2 -DENTRY=2 \
  -preset_vec=00h,intentry,init,end_init -ppowerup=CODE -pcinit=CODE \
  -pfunctab=ENTRY -k C:\Users\SHARVE~1\AppData\Local\Temp\xcAsi8s.o \
  dist/default/production\clock.X.production.o 

Object code version is 3.11

Machine type is 16F887



                Name                               Link     Load   Length Selector   Space Scale
C:\Users\SHARVE~1\AppData\Local\Temp\xcAsi8s.o
                end_init                              0        0        3        0       0
                config                             2007     2007        2        0       4
                idloc                              2000     2000        4        0       5
dist/default/production\clock.X.production.o
                cinit                               7E6      7E6       1A      FCC       0
                config                             2007     2007        2        0       4
                idloc                              2000     2000        4        0       5
                text6                               704      704       21      E08       0
                text5                               6E6      6E6       1E      DCC       0
                text4                               6AB      6AB        F      D56       0
                text3                               6CD      6CD       19      D9A       0
                text2                               725      725       3B      E4A       0
                text1                               69F      69F        C      D3E       0
                maintext                            760      760       86      EC0       0
                cstackCOMMON                         78       78        6       70       1
                inittext                            6BA      6BA       13      D74       0
                dataBANK0                            20       20        9       20       1
                bssCOMMON                            70       70        8       70       1
                idataBANK0                          696      696        9      D2C       0

TOTAL           Name                               Link     Load   Length     Space
        CLASS   CODE           
                end_init                              0        0        3         0
                cinit                               7E6      7E6       1A         0
                text6                               704      704       21         0
                text5                               6E6      6E6       1E         0
                text4                               6AB      6AB        F         0
                text3                               6CD      6CD       19         0
                text2                               725      725       3B         0
                text1                               69F      69F        C         0
                maintext                            760      760       86         0
                inittext                            6BA      6BA       13         0
                idataBANK0                          696      696        9         0

        CLASS   STRCODE        

        CLASS   STRING         

        CLASS   CONST          

        CLASS   ENTRY          

        CLASS   COMMON         
                cstackCOMMON                         78       78        6         1
                bssCOMMON                            70       70        8         1

        CLASS   BANK0          
                dataBANK0                            20       20        9         1

        CLASS   BANK1          

        CLASS   BANK2          

        CLASS   BANK3          

        CLASS   RAM            

        CLASS   ABS1           
                abs_s1                               7E       7E        2         1

        CLASS   SFR0           

        CLASS   SFR1           

        CLASS   SFR2           

        CLASS   SFR3           

        CLASS   CONFIG         
                config                             2007     2007        2         4

        CLASS   IDLOC          
                idloc                              2000     2000        4         5

        CLASS   EEDATA         

        CLASS   STACK          



SEGMENTS        Name                           Load    Length   Top    Selector   Space  Class     Delta

                reset_vec                      000000  000003  000003         0       0  CODE        2
                dataBANK0                      000020  000009  000029        20       1  BANK0       1
                bssCOMMON                      000070  00000E  00007E        70       1  COMMON      1
                idataBANK0                     000696  000009  00069F       D2C       0  CODE        2
                text1                          00069F  00000C  0006AB       D3E       0  CODE        2
                text4                          0006AB  00000F  0006BA       D56       0  CODE        2
                inittext                       0006BA  000013  0006CD       D74       0  CODE        2
                text3                          0006CD  000019  0006E6       D9A       0  CODE        2
                text5                          0006E6  00001E  000704       DCC       0  CODE        2
                text6                          000704  000021  000725       E08       0  CODE        2
                text2                          000725  00003B  000760       E4A       0  CODE        2
                maintext                       000760  000086  0007E6       EC0       0  CODE        2
                cinit                          0007E6  00001A  000800       FCC       0  CODE        2


UNUSED ADDRESS RANGES

        Name                Unused          Largest block    Delta
        BANK0            0029-006F             47           1
        BANK1            00A0-00EF             50           1
        BANK2            0110-016F             60           1
        BANK3            0190-01EF             60           1
        CODE             0003-0695            693           2
                         0800-1FFF            800
        CONST            0003-0695            100           2
                         0800-1FFF            100
        EEDATA           2100-21FF            100           2
        ENTRY            0003-0695            100           2
                         0800-1FFF            100
        RAM              0029-006F             47           1
                         00A0-00EF             50
                         0110-016F             60
                         0190-01EF             60
        SFR0             0000-001F             20           1
        SFR1             0080-009F             20           1
        SFR2             0100-010F             10           1
        SFR3             0180-018F             10           1
        STRCODE          0003-0695            693           2
                         0800-1FFF           1800
        STRING           0003-0695            100           2
                         0800-1FFF            100

                                  Symbol Table

_ANSEL                   (abs)        0188
_ANSELH                  (abs)        0189
_OPTION_REG              (abs)        0081
_PORTD                   (abs)        0008
_PORTE                   (abs)        0009
_RE0                     (abs)        0048
_RE1                     (abs)        0049
_T0IF                    (abs)        005A
_TMR0                    (abs)        0001
_TRISD                   (abs)        0088
_TRISE                   (abs)        0089
__Habs1                  abs1         0000
__Hbank0                 bank0        0000
__Hbank1                 bank1        0000
__Hbank2                 bank2        0000
__Hbank3                 bank3        0000
__HbssCOMMON             bssCOMMON    0000
__Hcinit                 cinit        0800
__Hclrtext               clrtext      0000
__Hcode                  code         0000
__Hcommon                common       0000
__Hconfig                config       2009
__HcstackCOMMON          cstackCOMMON 0000
__HdataBANK0             dataBANK0    0000
__Heeprom_data           eeprom_data  0000
__Hend_init              end_init     0003
__Hfunctab               functab      0000
__HidataBANK0            idataBANK0   0000
__Hidloc                 idloc        2004
__Hinit                  init         0000
__Hinittext              inittext     0000
__Hintentry              intentry     0000
__Hmaintext              maintext     0000
__Hpowerup               powerup      0000
__Hram                   ram          0000
__Hreset_vec             reset_vec    0000
__Hsfr0                  sfr0         0000
__Hsfr1                  sfr1         0000
__Hsfr2                  sfr2         0000
__Hsfr3                  sfr3         0000
__Hspace_0               (abs)        0800
__Hspace_1               (abs)        007E
__Hspace_2               (abs)        0000
__Hspace_3               (abs)        0000
__Hspace_4               (abs)        4010
__Hstack                 stack        0000
__Hstrings               strings      0000
__Htext                  text         0000
__Labs1                  abs1         0000
__Lbank0                 bank0        0000
__Lbank1                 bank1        0000
__Lbank2                 bank2        0000
__Lbank3                 bank3        0000
__LbssCOMMON             bssCOMMON    0000
__Lcinit                 cinit        07E6
__Lclrtext               clrtext      0000
__Lcode                  code         0000
__Lcommon                common       0000
__Lconfig                config       0000
__LcstackCOMMON          cstackCOMMON 0000
__LdataBANK0             dataBANK0    0000
__Leeprom_data           eeprom_data  0000
__Lend_init              end_init     0000
__Lfunctab               functab      0000
__LidataBANK0            idataBANK0   0000
__Lidloc                 idloc        0000
__Linit                  init         0000
__Linittext              inittext     0000
__Lintentry              intentry     0000
__Lmaintext              maintext     0000
__Lpowerup               powerup      0000
__Lram                   ram          0000
__Lreset_vec             reset_vec    0000
__Lsfr0                  sfr0         0000
__Lsfr1                  sfr1         0000
__Lsfr2                  sfr2         0000
__Lsfr3                  sfr3         0000
__Lspace_0               (abs)        0000
__Lspace_1               (abs)        0000
__Lspace_2               (abs)        0000
__Lspace_3               (abs)        0000
__Lspace_4               (abs)        0000
__Lstack                 stack        0000
__Lstrings               strings      0000
__Ltext                  text         0000
__S0                     (abs)        0800
__S1                     (abs)        007E
__S3                     (abs)        0000
___int_sp                stack        0000
___latbits               (abs)        0002
___sp                    stack        0000
___stackhi               (abs)        0000
___stacklo               (abs)        0000
__end_of__initialization cinit        07FC
__end_of_delay           text4        06BA
__end_of_enable          text3        06E6
__end_of_hr_inc          text6        0725
__end_of_main            maintext     07E6
__end_of_min_inc         text5        0704
__end_of_print           text2        0760
__end_of_timer           text1        06AB
__initialization         cinit        07E6
__pbssCOMMON             bssCOMMON    0070
__pcstackCOMMON          cstackCOMMON 0078
__pdataBANK0             dataBANK0    0020
__pidataBANK0            idataBANK0   0696
__pmaintext              maintext     0760
__ptext1                 text1        069F
__ptext2                 text2        0725
__ptext3                 text3        06CD
__ptext4                 text4        06AB
__ptext5                 text5        06E6
__ptext6                 text6        0704
_count                   bssCOMMON    0070
_delay                   text4        06AB
_enable                  text3        06CD
_hr0                     bssCOMMON    0072
_hr1                     bssCOMMON    0073
_hr_inc                  text6        0704
_main                    maintext     0760
_min0                    bssCOMMON    0074
_min1                    bssCOMMON    0075
_min_inc                 text5        06E6
_print                   text2        0725
_sec0                    bssCOMMON    0076
_sec1                    bssCOMMON    0077
_time                    dataBANK0    0020
_timer                   text1        069F
btemp                    (abs)        007E
delay@t                  cstackCOMMON 0078
end_of_initialization    cinit        07FC
init_fetch0              inittext     06BA
init_ram0                inittext     06BE
intlevel0                functab      0000
intlevel1                functab      0000
intlevel2                functab      0000
intlevel3                functab      0000
intlevel4                functab      0000
intlevel5                functab      0000
print@i                  cstackCOMMON 007C
print@ptr                cstackCOMMON 007B
reset_vec                reset_vec    0000
start                    init         0000
start_initialization     cinit        07E6
wtemp0                   (abs)        007E


MODULE INFORMATION

Module		Function		Class		Link	Load	Size
clock.c
		_delay         		CODE           	06AB	0000	15
		_main          		CODE           	0760	0000	134
		_min_inc       		CODE           	06E6	0000	30
		_enable        		CODE           	06CD	0000	25
		_timer         		CODE           	069F	0000	12
		_print         		CODE           	0725	0000	59
		_hr_inc        		CODE           	0704	0000	33

clock.c estimated size: 308

shared
		__initialization		CODE           	07E6	0000	22

shared estimated size: 22

