Microchip MPLAB XC8 Compiler V2.40

Linker command line:

-W-3 \
  --edf=C:\Program Files\Microchip\xc8\v2.40\pic\dat\20220703182018_en.msgs \
  -cn -h+dist/default/production\rc.X.production.sym \
  --cmf=dist/default/production\rc.X.production.cmf -z -Q16F887 \
  -oC:\Users\SHARVE~1\AppData\Local\Temp\xcAsj10.4 --defsym=__MPLAB_BUILD=1 \
  --fixupoverflow=error -Mdist/default/production/rc.X.production.map \
  --md=C:\Users\SHARVE~1\AppData\Local\Temp\xcAsj10.dat -E1 \
  -ver=XC8 Compiler --acfsm=1493 -ACODE=00h-07FFhx4 -ASTRCODE=00h-01FFFh \
  -ASTRING=00h-0FFhx32 -ACONST=00h-0FFhx32 -AENTRY=00h-0FFhx32 \
  -ACOMMON=070h-07Fh -ABANK0=020h-06Fh -ABANK1=0A0h-0EFh \
  -ABANK2=0110h-016Fh -ABANK3=0190h-01EFh \
  -ARAM=020h-06Fh,0A0h-0EFh,0110h-016Fh,0190h-01EFh \
  -AABS1=020h-07Fh,0A0h-0EFh,0110h-016Fh,0190h-01EFh -ASFR0=00h-01Fh \
  -ASFR1=080h-09Fh -ASFR2=0100h-010Fh -ASFR3=0180h-018Fh \
  -ACONFIG=02007h-02008h -DCONFIG=2 -AIDLOC=02000h-02003h -DIDLOC=2 \
  -AEEDATA=00h-0FFh/02100h -peeprom_data=EEDATA -DEEDATA=2 -DCODE=2 \
  -DSTRCODE=2 -DSTRING=2 -DCONST=2 -DENTRY=2 \
  -preset_vec=00h,intentry=04h,init,end_init -ppowerup=CODE -pcinit=CODE \
  -pfunctab=ENTRY -k C:\Users\SHARVE~1\AppData\Local\Temp\xcAsj10.o \
  dist/default/production\rc.X.production.o 

Object code version is 3.11

Machine type is 16F887



                Name                               Link     Load   Length Selector   Space Scale
C:\Users\SHARVE~1\AppData\Local\Temp\xcAsj10.o
                end_init                             10       10        3        8       0
                reset_vec                             0        0        3        0       0
                config                             2007     2007        2        0       4
                idloc                              2000     2000        4        0       5
dist/default/production\rc.X.production.o
                cinit                                13       13        E        8       0
                intentry                              4        4        C        8       0
                config                             2007     2007        2        0       4
                idloc                              2000     2000        4        0       5
                text8                               19E      19E       2C        8       0
                text7                               246      246        F      446       0
                text6                               1E3      1E3       19        8       0
                text5                               223      223       12      446       0
                text4                                21       21      123        8       0
                text3                               235      235       11      446       0
                text2                               1CA      1CA       19        8       0
                text1                               1FC      1FC       14        8       0
                maintext                            144      144       5A        8       0
                cstackBANK0                          30       30        5       20       1
                cstackCOMMON                         70       70        C       70       1
                clrtext                             255      255        8      446       0
                bssBANK0                             20       20       10       20       1
                bssCOMMON                            7C       7C        1       70       1
                strings                             210      210       13      420       0

TOTAL           Name                               Link     Load   Length     Space
        CLASS   CODE           
                end_init                             10       10        3         0
                cinit                                13       13        E         0
                intentry                              4        4        C         0
                reset_vec                             0        0        3         0
                text8                               19E      19E       2C         0
                text7                               246      246        F         0
                text6                               1E3      1E3       19         0
                text5                               223      223       12         0
                text4                                21       21      123         0
                text3                               235      235       11         0
                text2                               1CA      1CA       19         0
                text1                               1FC      1FC       14         0
                maintext                            144      144       5A         0
                clrtext                             255      255        8         0

        CLASS   STRCODE        

        CLASS   STRING         
                strings                             210      210       13         0

        CLASS   CONST          

        CLASS   ENTRY          

        CLASS   COMMON         
                cstackCOMMON                         70       70        C         1
                bssCOMMON                            7C       7C        1         1

        CLASS   BANK0          
                cstackBANK0                          30       30        5         1
                bssBANK0                             20       20       10         1

        CLASS   BANK1          

        CLASS   BANK2          

        CLASS   BANK3          

        CLASS   RAM            

        CLASS   ABS1           
                abs_s1                               7E       7E        2         1

        CLASS   SFR0           

        CLASS   SFR1           

        CLASS   SFR2           

        CLASS   SFR3           

        CLASS   CONFIG         
                config                             2007     2007        2         4

        CLASS   IDLOC          
                idloc                              2000     2000        4         5

        CLASS   EEDATA         

        CLASS   STACK          



SEGMENTS        Name                           Load    Length   Top    Selector   Space  Class     Delta

                reset_vec                      000000  000003  000003         0       0  CODE        2
                intentry                       000004  00020C  000210         8       0  CODE        2
                bssBANK0                       000020  000015  000035        20       1  BANK0       1
                cstackCOMMON                   000070  00000D  00007D        70       1  COMMON      1
                strings                        000210  000013  000223       420       0  STRING      2
                text5                          000223  00003A  00025D       446       0  CODE        2


UNUSED ADDRESS RANGES

        Name                Unused          Largest block    Delta
        BANK0            0035-006F             3B           1
        BANK1            00A0-00EF             50           1
        BANK2            0110-016F             60           1
        BANK3            0190-01EF             60           1
        CODE             0003-0003              1           2
                         025D-1FFF            800
        COMMON           007D-007D              1           1
        CONST            0003-0003              1           2
                         025D-1FFF            100
        EEDATA           2100-21FF            100           2
        ENTRY            0003-0003              1           2
                         025D-1FFF            100
        RAM              0035-006F             3B           1
                         00A0-00EF             50
                         0110-016F             60
                         0190-01EF             60
        SFR0             0000-001F             20           1
        SFR1             0080-009F             20           1
        SFR2             0100-010F             10           1
        SFR3             0180-018F             10           1
        STRCODE          0003-0003              1           2
                         025D-1FFF           1DA3
        STRING           0003-0003              1           2
                         025D-1FFF            100

                                  Symbol Table

?_strcmp                 cstackCOMMON 0070
_ANSEL                   (abs)        0188
_ANSELH                  (abs)        0189
_GIE                     (abs)        005F
_PEIE                    (abs)        005E
_PORTC                   (abs)        0007
_PORTD                   (abs)        0008
_PORTE                   (abs)        0009
_RCIE                    (abs)        0465
_RCIF                    (abs)        0065
_RCREG                   (abs)        001A
_RCSTA                   (abs)        0018
_RE0                     (abs)        0048
_RE1                     (abs)        0049
_SPBRG                   (abs)        0099
_TRISC                   (abs)        0087
_TRISD                   (abs)        0088
_TRISE                   (abs)        0089
_TXSTA                   (abs)        0098
__Habs1                  abs1         0000
__Hbank0                 bank0        0000
__Hbank1                 bank1        0000
__Hbank2                 bank2        0000
__Hbank3                 bank3        0000
__HbssBANK0              bssBANK0     0000
__HbssCOMMON             bssCOMMON    0000
__Hcinit                 cinit        0021
__Hclrtext               clrtext      0000
__Hcode                  code         0000
__Hcommon                common       0000
__Hconfig                config       2009
__HcstackBANK0           cstackBANK0  0000
__HcstackCOMMON          cstackCOMMON 0000
__Heeprom_data           eeprom_data  0000
__Hend_init              end_init     0013
__Hfunctab               functab      0000
__Hidloc                 idloc        2004
__Hinit                  init         0010
__Hintentry              intentry     0010
__Hmaintext              maintext     0000
__Hpowerup               powerup      0000
__Hram                   ram          0000
__Hreset_vec             reset_vec    0003
__Hsfr0                  sfr0         0000
__Hsfr1                  sfr1         0000
__Hsfr2                  sfr2         0000
__Hsfr3                  sfr3         0000
__Hspace_0               (abs)        025D
__Hspace_1               (abs)        007D
__Hspace_2               (abs)        0000
__Hspace_3               (abs)        0000
__Hspace_4               (abs)        4010
__Hstack                 stack        0000
__Hstrings               strings      0000
__Htext                  text         0000
__Labs1                  abs1         0000
__Lbank0                 bank0        0000
__Lbank1                 bank1        0000
__Lbank2                 bank2        0000
__Lbank3                 bank3        0000
__LbssBANK0              bssBANK0     0000
__LbssCOMMON             bssCOMMON    0000
__Lcinit                 cinit        0013
__Lclrtext               clrtext      0000
__Lcode                  code         0000
__Lcommon                common       0000
__Lconfig                config       0000
__LcstackBANK0           cstackBANK0  0000
__LcstackCOMMON          cstackCOMMON 0000
__Leeprom_data           eeprom_data  0000
__Lend_init              end_init     0010
__Lfunctab               functab      0000
__Lidloc                 idloc        0000
__Linit                  init         0010
__Lintentry              intentry     0004
__Lmaintext              maintext     0000
__Lpowerup               powerup      0000
__Lram                   ram          0000
__Lreset_vec             reset_vec    0000
__Lsfr0                  sfr0         0000
__Lsfr1                  sfr1         0000
__Lsfr2                  sfr2         0000
__Lsfr3                  sfr3         0000
__Lspace_0               (abs)        0000
__Lspace_1               (abs)        0000
__Lspace_2               (abs)        0000
__Lspace_3               (abs)        0000
__Lspace_4               (abs)        0000
__Lstack                 stack        0000
__Lstrings               strings      0000
__Ltext                  text         0000
__S0                     (abs)        025D
__S1                     (abs)        007D
__S3                     (abs)        0000
___int_sp                stack        0000
___latbits               (abs)        0002
___sp                    stack        0000
___stackhi               (abs)        0000
___stacklo               (abs)        0000
__end_of__initialization cinit        001D
__end_of__stringtab      strings      0216
__end_of_delay           text3        0246
__end_of_enable          text2        01E3
__end_of_lcd             text1        0210
__end_of_main            maintext     019E
__end_of_receive         text4        0144
__end_of_strcmp          text8        01CA
__end_ofi1_delay         text7        0255
__end_ofi1_enable        text6        01FC
__end_ofi1_lcd           text5        0235
__initialization         cinit        0013
__pbssBANK0              bssBANK0     0020
__pbssCOMMON             bssCOMMON    007C
__pcstackBANK0           cstackBANK0  0030
__pcstackCOMMON          cstackCOMMON 0070
__pintentry              intentry     0004
__pmaintext              maintext     0144
__pstrings               strings      0210
__ptext1                 text1        01FC
__ptext2                 text2        01CA
__ptext3                 text3        0235
__ptext4                 text4        0021
__ptext5                 text5        0223
__ptext6                 text6        01E3
__ptext7                 text7        0246
__ptext8                 text8        019E
__stringbase             strings      0215
__stringtab              strings      0210
_count                   bssBANK0     0020
_delay                   text3        0235
_enable                  text2        01CA
_id                      bssBANK0     0022
_lcd                     text1        01FC
_main                    maintext     0144
_receive                 text4        0021
_str                     bssCOMMON    007C
_strcmp                  text8        019E
btemp                    (abs)        007E
clear_ram0               clrtext      0255
delay@t                  cstackBANK0  0030
end_of_initialization    cinit        001D
i1_delay                 text7        0246
i1_enable                text6        01E3
i1_lcd                   text5        0223
i1delay@t                cstackCOMMON 0070
i1lcd@data               cstackCOMMON 0074
i1lcd@rs                 cstackCOMMON 0072
interrupt_function       intentry     0004
intlevel0                functab      0000
intlevel1                functab      0000
intlevel2                functab      0000
intlevel3                functab      0000
intlevel4                functab      0000
intlevel5                functab      0000
lcd@data                 cstackBANK0  0034
lcd@rs                   cstackBANK0  0032
receive@truth            cstackCOMMON 007A
reset_vec                reset_vec    0000
saved_w                  (abs)        007E
start                    init         0010
start_initialization     cinit        0013
strcmp@r                 cstackCOMMON 0074
strcmp@s1                cstackCOMMON 0075
strcmp@s2                cstackCOMMON 0070
wtemp0                   (abs)        007E


MODULE INFORMATION

Module		Function		Class		Link	Load	Size
C:\Program Files\Microchip\xc8\v2.40\pic\sources\c90\common\strcmp.c
		_strcmp        		CODE           	019E	0000	44

C:\Program Files\Microchip\xc8\v2.40\pic\sources\c90\common\strcmp.c estimated size: 44

shared
		i1_lcd         		CODE           	0223	0000	18
		__stringtab    		STRING         	0210	0000	6
		i1_enable      		CODE           	01E3	0000	25
		__initialization		CODE           	0013	0000	10
		i1_delay       		CODE           	0246	0000	15

shared estimated size: 74

rc.c
		_delay         		CODE           	0235	0000	17
		_main          		CODE           	0144	0000	90
		_enable        		CODE           	01CA	0000	25
		_receive       		CODE           	0021	0000	291
		_lcd           		CODE           	01FC	0000	20

rc.c estimated size: 443

