Microchip MPLAB XC8 Compiler V2.40

Linker command line:

-W-3 \
  --edf=C:\Program Files\Microchip\xc8\v2.40\pic\dat\20220703182018_en.msgs \
  -cn -h+dist/default/production\f_dplx2.X.production.sym \
  --cmf=dist/default/production\f_dplx2.X.production.cmf -z -Q16F887 \
  -oC:\Users\SHARVE~1\AppData\Local\Temp\xcAs2t0.4 --defsym=__MPLAB_BUILD=1 \
  --fixupoverflow=error -Mdist/default/production/f_dplx2.X.production.map \
  --md=C:\Users\SHARVE~1\AppData\Local\Temp\xcAs2t0.dat -E1 \
  -ver=XC8 Compiler --acfsm=1493 -ACODE=00h-07FFhx4 -ASTRCODE=00h-01FFFh \
  -ASTRING=00h-0FFhx32 -ACONST=00h-0FFhx32 -AENTRY=00h-0FFhx32 \
  -ACOMMON=070h-07Fh -ABANK0=020h-06Fh -ABANK1=0A0h-0EFh \
  -ABANK2=0110h-016Fh -ABANK3=0190h-01EFh \
  -ARAM=020h-06Fh,0A0h-0EFh,0110h-016Fh,0190h-01EFh \
  -AABS1=020h-07Fh,0A0h-0EFh,0110h-016Fh,0190h-01EFh -ASFR0=00h-01Fh \
  -ASFR1=080h-09Fh -ASFR2=0100h-010Fh -ASFR3=0180h-018Fh \
  -ACONFIG=02007h-02008h -DCONFIG=2 -AIDLOC=02000h-02003h -DIDLOC=2 \
  -AEEDATA=00h-0FFh/02100h -peeprom_data=EEDATA -DEEDATA=2 -DCODE=2 \
  -DSTRCODE=2 -DSTRING=2 -DCONST=2 -DENTRY=2 \
  -preset_vec=00h,intentry,init,end_init -ppowerup=CODE -pcinit=CODE \
  -pfunctab=ENTRY -k C:\Users\SHARVE~1\AppData\Local\Temp\xcAs2t0.o \
  dist/default/production\f_dplx2.X.production.o 

Object code version is 3.11

Machine type is 16F887



                Name                               Link     Load   Length Selector   Space Scale
C:\Users\SHARVE~1\AppData\Local\Temp\xcAs2t0.o
                end_init                              0        0        3        0       0
                config                             2007     2007        2        0       4
                idloc                              2000     2000        4        0       5
dist/default/production\f_dplx2.X.production.o
                cinit                               7F9      7F9        7      FF2       0
                config                             2007     2007        2        0       4
                idloc                              2000     2000        4        0       5
                text6                               6BA      6BA        F      D74       0
                text5                               6DB      6DB       19      DB6       0
                text4                               6C9      6C9       12      D92       0
                text3                               721      721       36      E42       0
                text2                               6F4      6F4       2D      DE8       0
                text1                               6AF      6AF        B      D5E       0
                maintext                            757      757       A2      EAE       0
                cstackCOMMON                         70       70        6       70       1
                bssCOMMON                            76       76        3       70       1
                strings                               3        3       2E        6       0

TOTAL           Name                               Link     Load   Length     Space
        CLASS   CODE           
                end_init                              0        0        3         0
                cinit                               7F9      7F9        7         0
                text6                               6BA      6BA        F         0
                text5                               6DB      6DB       19         0
                text4                               6C9      6C9       12         0
                text3                               721      721       36         0
                text2                               6F4      6F4       2D         0
                text1                               6AF      6AF        B         0
                maintext                            757      757       A2         0

        CLASS   STRCODE        

        CLASS   STRING         
                strings                               3        3       2E         0

        CLASS   CONST          

        CLASS   ENTRY          

        CLASS   COMMON         
                cstackCOMMON                         70       70        6         1
                bssCOMMON                            76       76        3         1

        CLASS   BANK0          

        CLASS   BANK1          

        CLASS   BANK2          

        CLASS   BANK3          

        CLASS   RAM            

        CLASS   ABS1           
                abs_s1                               7E       7E        2         1

        CLASS   SFR0           

        CLASS   SFR1           

        CLASS   SFR2           

        CLASS   SFR3           

        CLASS   CONFIG         
                config                             2007     2007        2         4

        CLASS   IDLOC          
                idloc                              2000     2000        4         5

        CLASS   EEDATA         

        CLASS   STACK          



SEGMENTS        Name                           Load    Length   Top    Selector   Space  Class     Delta

                reset_vec                      000000  000003  000003         0       0  CODE        2
                strings                        000003  00002E  000031         6       0  STRING      2
                cstackCOMMON                   000070  000009  000079        70       1  COMMON      1
                text1                          0006AF  00000B  0006BA       D5E       0  CODE        2
                text6                          0006BA  00000F  0006C9       D74       0  CODE        2
                text4                          0006C9  000012  0006DB       D92       0  CODE        2
                text5                          0006DB  000019  0006F4       DB6       0  CODE        2
                text2                          0006F4  00002D  000721       DE8       0  CODE        2
                text3                          000721  000036  000757       E42       0  CODE        2
                maintext                       000757  0000A2  0007F9       EAE       0  CODE        2
                cinit                          0007F9  000007  000800       FF2       0  CODE        2


UNUSED ADDRESS RANGES

        Name                Unused          Largest block    Delta
        BANK0            0020-006F             50           1
        BANK1            00A0-00EF             50           1
        BANK2            0110-016F             60           1
        BANK3            0190-01EF             60           1
        CODE             0031-06AE            67E           2
                         0800-1FFF            800
        COMMON           0079-007D              5           1
        CONST            0031-06AE            100           2
                         0800-1FFF            100
        EEDATA           2100-21FF            100           2
        ENTRY            0031-06AE            100           2
                         0800-1FFF            100
        RAM              0020-006F             50           1
                         00A0-00EF             50
                         0110-016F             60
                         0190-01EF             60
        SFR0             0000-001F             20           1
        SFR1             0080-009F             20           1
        SFR2             0100-010F             10           1
        SFR3             0180-018F             10           1
        STRCODE          0031-06AE            67E           2
                         0800-1FFF           1800
        STRING           0031-06AE            100           2
                         0800-1FFF            100

                                  Symbol Table

_ANSEL                   (abs)        0188
_ANSELH                  (abs)        0189
_PORTA                   (abs)        0005
_PORTB                   (abs)        0006
_PORTC                   (abs)        0007
_PORTD                   (abs)        0008
_PORTE                   (abs)        0009
_RA0                     (abs)        0028
_RB0                     (abs)        0030
_RCIF                    (abs)        0065
_RCREG                   (abs)        001A
_RCSTA                   (abs)        0018
_RE0                     (abs)        0048
_RE1                     (abs)        0049
_SPBRG                   (abs)        0099
_TRISA                   (abs)        0085
_TRISB                   (abs)        0086
_TRISC                   (abs)        0087
_TRISD                   (abs)        0088
_TRISE                   (abs)        0089
_TXIF                    (abs)        0064
_TXREG                   (abs)        0019
_TXSTA                   (abs)        0098
__Habs1                  abs1         0000
__Hbank0                 bank0        0000
__Hbank1                 bank1        0000
__Hbank2                 bank2        0000
__Hbank3                 bank3        0000
__HbssCOMMON             bssCOMMON    0000
__Hcinit                 cinit        0800
__Hclrtext               clrtext      0000
__Hcode                  code         0000
__Hcommon                common       0000
__Hconfig                config       2009
__HcstackCOMMON          cstackCOMMON 0000
__Heeprom_data           eeprom_data  0000
__Hend_init              end_init     0003
__Hfunctab               functab      0000
__Hidloc                 idloc        2004
__Hinit                  init         0000
__Hintentry              intentry     0000
__Hmaintext              maintext     0000
__Hpowerup               powerup      0000
__Hram                   ram          0000
__Hreset_vec             reset_vec    0000
__Hsfr0                  sfr0         0000
__Hsfr1                  sfr1         0000
__Hsfr2                  sfr2         0000
__Hsfr3                  sfr3         0000
__Hspace_0               (abs)        0800
__Hspace_1               (abs)        0079
__Hspace_2               (abs)        0000
__Hspace_3               (abs)        0000
__Hspace_4               (abs)        4010
__Hstack                 stack        0000
__Hstrings               strings      0000
__Htext                  text         0000
__Labs1                  abs1         0000
__Lbank0                 bank0        0000
__Lbank1                 bank1        0000
__Lbank2                 bank2        0000
__Lbank3                 bank3        0000
__LbssCOMMON             bssCOMMON    0000
__Lcinit                 cinit        07F9
__Lclrtext               clrtext      0000
__Lcode                  code         0000
__Lcommon                common       0000
__Lconfig                config       0000
__LcstackCOMMON          cstackCOMMON 0000
__Leeprom_data           eeprom_data  0000
__Lend_init              end_init     0000
__Lfunctab               functab      0000
__Lidloc                 idloc        0000
__Linit                  init         0000
__Lintentry              intentry     0000
__Lmaintext              maintext     0000
__Lpowerup               powerup      0000
__Lram                   ram          0000
__Lreset_vec             reset_vec    0000
__Lsfr0                  sfr0         0000
__Lsfr1                  sfr1         0000
__Lsfr2                  sfr2         0000
__Lsfr3                  sfr3         0000
__Lspace_0               (abs)        0000
__Lspace_1               (abs)        0000
__Lspace_2               (abs)        0000
__Lspace_3               (abs)        0000
__Lspace_4               (abs)        0000
__Lstack                 stack        0000
__Lstrings               strings      0000
__Ltext                  text         0000
__S0                     (abs)        0800
__S1                     (abs)        0079
__S3                     (abs)        0000
___int_sp                stack        0000
___latbits               (abs)        0002
___sp                    stack        0000
___stackhi               (abs)        0000
___stacklo               (abs)        0000
__end_of__initialization cinit        07FC
__end_of__stringtab      strings      0009
__end_of_delay           text6        06C9
__end_of_enable          text5        06F4
__end_of_lcd             text4        06DB
__end_of_main            maintext     07F9
__end_of_print           text3        0757
__end_of_receive         text2        0721
__end_of_transmit        text1        06BA
__initialization         cinit        07F9
__pbssCOMMON             bssCOMMON    0076
__pcstackCOMMON          cstackCOMMON 0070
__pmaintext              maintext     0757
__pstrings               strings      0003
__ptext1                 text1        06AF
__ptext2                 text2        06F4
__ptext3                 text3        0721
__ptext4                 text4        06C9
__ptext5                 text5        06DB
__ptext6                 text6        06BA
__stringbase             strings      0008
__stringtab              strings      0003
_count                   bssCOMMON    0076
_data                    bssCOMMON    0078
_delay                   text6        06BA
_enable                  text5        06DB
_lcd                     text4        06C9
_main                    maintext     0757
_print                   text3        0721
_receive                 text2        06F4
_transmit                text1        06AF
btemp                    (abs)        007E
delay@t                  cstackCOMMON 0070
end_of_initialization    cinit        07FC
intlevel0                functab      0000
intlevel1                functab      0000
intlevel2                functab      0000
intlevel3                functab      0000
intlevel4                functab      0000
intlevel5                functab      0000
lcd@chr                  cstackCOMMON 0074
lcd@rs                   cstackCOMMON 0072
print@adrs               cstackCOMMON 0073
print@k                  cstackCOMMON 0074
print@ptr                cstackCOMMON 0072
reset_vec                reset_vec    0000
start                    init         0000
start_initialization     cinit        07F9
transmit@chr             cstackCOMMON 0070
wtemp0                   (abs)        007E


MODULE INFORMATION

Module		Function		Class		Link	Load	Size
f_dplx2.c
		_delay         		CODE           	06BA	0000	15
		_main          		CODE           	0757	0000	162
		_enable        		CODE           	06DB	0000	25
		_receive       		CODE           	06F4	0000	45
		_print         		CODE           	0721	0000	54
		_lcd           		CODE           	06C9	0000	18
		_transmit      		CODE           	06AF	0000	11

f_dplx2.c estimated size: 330

shared
		__stringtab    		STRING         	0003	0000	6
		__initialization		CODE           	07F9	0000	3

shared estimated size: 9

